
==================================== ERRORS ====================================
______________ ERROR collecting tests/test_hypothesis_property.py ______________
ImportError while importing test module '/home/runner/work/Eigen/Eigen/tests/test_hypothesis_property.py'.
Hint: make sure your test modules/packages have valid Python names.
Traceback:
/opt/hostedtoolcache/Python/3.10.20/x64/lib/python3.10/importlib/__init__.py:126: in import_module
    return _bootstrap._gcd_import(name[level:], package, level)
tests/test_hypothesis_property.py:9: in <module>
    from hypothesis import given, strategies as st, settings, HealthCheck
E   ModuleNotFoundError: No module named 'hypothesis'
=========================== short test summary info ============================
ERROR tests/test_hypothesis_property.py
!!!!!!!!!!!!!!!!!!!! Interrupted: 1 error during collection !!!!!!!!!!!!!!!!!!!!
1 error in 2.71s
